<?xml version="1.0" encoding="utf-8"?><testsuites name="pytest tests"><testsuite name="pytest" errors="0" failures="0" skipped="0" tests="33" time="6.146" timestamp="2026-06-23T14:50:10.788205+08:00" hostname="勤302"><testcase classname="tests.test_buttons.TestButtonCreation" name="test_all_themes_create" time="0.465" /><testcase classname="tests.test_core.TestVersion" name="test_construct_str" time="0.002" /><testcase classname="tests.test_core.TestVersion" name="test_construct_short" time="0.002" /><testcase classname="tests.test_core.TestVersion" name="test_construct_invalid" time="0.003" /><testcase classname="tests.test_core.TestVersion" name="test_compare" time="0.001" /><testcase classname="tests.test_core.TestVersion" name="test_eq" time="0.001" /><testcase classname="tests.test_core.TestVersion" name="test_multiple_compare" time="0.001" /><testcase classname="tests.test_core.TestVersion" name="test_iter" time="0.003" /><testcase classname="tests.test_core.TestVersion" name="test_len" time="0.002" /><testcase classname="tests.test_core.TestVersion" name="test_getitem" time="0.001" /><testcase classname="tests.test_core.TestVersion" name="test_delitem_raises" time="0.002" /><testcase classname="tests.test_core.TestData" name="test_open_load_getitem" time="0.003" /><testcase classname="tests.test_core.TestData" name="test_add_merge" time="0.004" /><testcase classname="tests.test_core.TestUtils" name="test_get_base_dir" time="0.001" /><testcase classname="tests.test_core.TestUtils" name="test_get_python_path" time="0.002" /><testcase classname="tests.test_core.TestUtils" name="test_get_pip_version" time="0.002" /><testcase classname="tests.test_core.TestUtils" name="test_is_dev" time="0.002" /><testcase classname="tests.test_core.TestPipApi" name="test_pip_head" time="0.001" /><testcase classname="tests.test_core.TestPipApi" name="test_version" time="0.573" /><testcase classname="tests.test_core.TestPipApi" name="test_list" time="1.142" /><testcase classname="tests.test_core.TestPipApi" name="test_show" time="1.359" /><testcase classname="tests.test_dialog.TestDialogCanvas" name="test_create_dialog_canvas" time="0.085" /><testcase classname="tests.test_error.TestErrorCatcher" name="test_catches_value_error" time="0.014" /><testcase classname="tests.test_error.TestErrorCatcher" name="test_catches_zero_division" time="0.011" /><testcase classname="tests.test_error.TestErrorCatcher" name="test_catches_key_error" time="0.012" /><testcase classname="tests.test_error.TestErrorCatcher" name="test_passes_through_normal" time="0.003" /><testcase classname="tests.test_treeview.TestTreeview" name="test_create_treeview" time="0.014" /><testcase classname="tests.test_treeview.TestTreeview" name="test_heading_and_column" time="0.027" /><testcase classname="tests.test_treeview.TestTreeview" name="test_insert_and_get_children" time="0.029" /><testcase classname="tests.test_treeview.TestTreeview" name="test_checkbox_enable" time="0.041" /><testcase classname="tests.test_treeview.TestTreeview" name="test_selection_sync_with_checkbox" time="0.263" /><testcase classname="tests.test_treeview.TestTreeview" name="test_get_selected_values_empty" time="0.052" /><testcase classname="tests.test_treeview.TestTreeview" name="test_set_item" time="0.087" /></testsuite></testsuites>